VarWarnPosition.java:18:14: compiler.warn.has.been.deprecated: Depr, compiler.misc.unnamed.package
VarWarnPosition.java:21:18: compiler.warn.has.been.deprecated: Depr, compiler.misc.unnamed.package
VarWarnPosition.java:21:28: compiler.warn.has.been.deprecated: Depr, compiler.misc.unnamed.package
3 warnings
