SuperInitBad01.java:21:13: compiler.err.recursive.ctor.invocation
1 error
