Serial.java:10:1: compiler.warn.missing.SVUID: Serial
Serial.java:12:12: compiler.warn.missing.SVUID: Serial.Inner
Serial.java:49:1: compiler.warn.missing.SVUID: Serial3
Serial.java:51:12: compiler.warn.missing.SVUID: Serial3.Inner
4 warnings
