Deprecation.java:11:1: compiler.warn.missing.deprecated.annotation
Deprecation.java:14:17: compiler.warn.has.been.deprecated: A, compiler.misc.unnamed.package
- compiler.err.warnings.and.werror
1 error
2 warnings
