- compiler.note.proprietary.filename: Proprietary.java
- compiler.note.proprietary.recompile
