Proprietary.java:11:13: compiler.warn.sun.proprietary: sun.misc.Unsafe
- compiler.err.warnings.and.werror
1 error
1 warning
