RequiresIdentityTest.java:12:65: compiler.warn.attempt.to.use.value.based.where.identity.expected
RequiresIdentityTest.java:13:88: compiler.warn.attempt.to.use.value.based.where.identity.expected
RequiresIdentityTest.java:16:27: compiler.warn.attempt.to.use.value.based.where.identity.expected
RequiresIdentityTest.java:17:36: compiler.warn.attempt.to.use.value.based.where.identity.expected
RequiresIdentityTest.java:18:8: compiler.warn.attempt.to.use.value.based.where.identity.expected
RequiresIdentityTest.java:19:8: compiler.warn.attempt.to.use.value.based.where.identity.expected
RequiresIdentityTest.java:20:72: compiler.warn.attempt.to.use.value.based.where.identity.expected
RequiresIdentityTest.java:20:27: compiler.warn.attempt.to.use.value.based.where.identity.expected
RequiresIdentityTest.java:24:15: compiler.warn.attempt.to.use.value.based.where.identity.expected
RequiresIdentityTest.java:27:32: compiler.warn.attempt.to.use.value.based.where.identity.expected
RequiresIdentityTest.java:28:31: compiler.warn.attempt.to.use.value.based.where.identity.expected
RequiresIdentityTest.java:29:40: compiler.warn.attempt.to.use.value.based.where.identity.expected
RequiresIdentityTest.java:31:16: compiler.warn.attempt.to.use.value.based.where.identity.expected
RequiresIdentityTest.java:32:16: compiler.warn.attempt.to.use.value.based.where.identity.expected
RequiresIdentityTest.java:33:16: compiler.warn.attempt.to.use.value.based.where.identity.expected
RequiresIdentityTest.java:34:15: compiler.warn.attempt.to.use.value.based.where.identity.expected
RequiresIdentityTest.java:37:67: compiler.warn.attempt.to.use.value.based.where.identity.expected
RequiresIdentityTest.java:40:63: compiler.warn.attempt.to.use.value.based.where.identity.expected
RequiresIdentityTest.java:43:27: compiler.warn.attempt.to.use.value.based.where.identity.expected
RequiresIdentityTest.java:48:6: compiler.warn.attempt.to.use.value.based.where.identity.expected
RequiresIdentityTest.java:48:49: compiler.warn.attempt.to.use.value.based.where.identity.expected
RequiresIdentityTest.java:50:21: compiler.warn.attempt.to.use.value.based.where.identity.expected
RequiresIdentityTest.java:52:36: compiler.warn.attempt.to.use.value.based.where.identity.expected
RequiresIdentityTest.java:55:32: compiler.warn.attempt.to.use.value.based.where.identity.expected
RequiresIdentityTest.java:56:46: compiler.warn.attempt.to.use.value.based.where.identity.expected
RequiresIdentityTest.java:60:54: compiler.warn.attempt.to.use.value.based.where.identity.expected
RequiresIdentityTest.java:65:37: compiler.warn.attempt.to.use.value.based.where.identity.expected
RequiresIdentityTest.java:68:37: compiler.warn.attempt.to.use.value.based.where.identity.expected
RequiresIdentityTest.java:68:18: compiler.warn.attempt.to.use.value.based.where.identity.expected
RequiresIdentityTest.java:75:32: compiler.warn.attempt.to.use.value.based.where.identity.expected
RequiresIdentityTest.java:79:90: compiler.warn.attempt.to.use.value.based.where.identity.expected
RequiresIdentityTest.java:80:52: compiler.warn.attempt.to.use.value.based.where.identity.expected
RequiresIdentityTest.java:81:82: compiler.warn.attempt.to.use.value.based.where.identity.expected
RequiresIdentityTest.java:81:31: compiler.warn.attempt.to.use.value.based.where.identity.expected
- compiler.err.warnings.and.werror
- compiler.note.unchecked.filename: RequiresIdentityTest.java
- compiler.note.unchecked.recompile
1 error
34 warnings
