TwrLint.java:13:21: compiler.warn.try.resource.not.referenced: r3
TwrLint.java:14:15: compiler.warn.try.explicit.close.call
2 warnings
