Q.java:7:10: compiler.warn.has.been.deprecated: bar(), Q2
Q.java:17:25: compiler.warn.has.been.deprecated: foo(), Q
- compiler.note.deprecated.filename: P.java
2 warnings
